double free or corruption (out)
Aborted (core dumped)

Termsig=6